// Jest Snapshot v1, https://goo.gl/fbAQLP

exports[`MovieRepository getAllMovies should return all movies in JSON 1`] = `
Array [
  Object {
    "_id": "5d2bb7bd06d8cc0d851ce86d",
    "duration": 100,
    "genre": Array [
      "Comedy",
      "Animation",
    ],
    "title": "Toy Story 4",
    "year": 2019,
  },
  Object {
    "_id": "5d2bb7bd06d8cc0d851ce86e",
    "duration": 181,
    "genre": Array [
      "SuperHero",
      "Action",
    ],
    "title": "Vengadores:Endgame",
    "year": 2019,
  },
  Object {
    "_id": "5d2bb7bd06d8cc0d851ce86f",
    "duration": 129,
    "genre": Array [
      "Terror",
      "Suspense",
    ],
    "title": "Glass",
    "year": 2019,
  },
  Object {
    "__v": 0,
    "_id": "5d2d02a52dcbb905b4d83a26",
    "duration": 169,
    "genre": Array [
      "science",
      "fiction",
    ],
    "title": "Interstellar",
    "year": 2014,
  },
  Object {
    "__v": 0,
    "_id": "5d2d02dd13a94105b4574cc9",
    "duration": 169,
    "genre": Array [
      "science",
      "fiction",
    ],
    "title": "Interstellar",
    "year": 2014,
  },
  Object {
    "__v": 0,
    "_id": "5d2d02e232a27405b4d30b4d",
    "duration": 169,
    "genre": Array [
      "science",
      "fiction",
    ],
    "title": "Interstellar",
    "year": 2014,
  },
  Object {
    "__v": 0,
    "_id": "5d2d0381f11d4605b491c924",
    "duration": 169,
    "genre": Array [
      "science",
      "fiction",
    ],
    "title": "Interstellar",
    "year": 2014,
  },
  Object {
    "__v": 0,
    "_id": "5d2d04d19730d005b4e9b455",
    "duration": 169,
    "genre": Array [
      "science",
      "fiction",
    ],
    "title": "Georgia",
    "year": 2014,
  },
  Object {
    "__v": 0,
    "_id": "5d2d06ac87681b3bd8037d0f",
    "duration": 169,
    "genre": Array [
      "science",
      "fiction",
    ],
    "title": "Interstellar",
    "year": 2014,
  },
  Object {
    "__v": 0,
    "_id": "5d2d070bca5a3e3bd8c2faff",
    "duration": 169,
    "genre": Array [
      "science",
      "fiction",
    ],
    "title": "Interstellar",
    "year": 2014,
  },
]
`;

exports[`MovieRepository getMovieById should return data for Id 1`] = `
Object {
  "__v": 0,
  "_id": "5d2d04d19730d005b4e9b455",
  "duration": 169,
  "genre": Array [
    "science",
    "fiction",
  ],
  "title": "Georgia",
  "year": 2014,
}
`;

exports[`MovieRepository updateMovieById should return json object updated 1`] = `
Object {
  "__v": 0,
  "_id": "5d2d04d19730d005b4e9b455",
  "duration": 169,
  "genre": Array [
    "science",
    "fiction",
  ],
  "title": "Georgia",
  "year": 2014,
}
`;
